// Jest Snapshot v1, https://goo.gl/fbAQLP

exports[`validateSettings throws for invalid settings 1`] = `"cspell-json-reporter settings.outFile must be a string"`;

exports[`validateSettings throws for invalid settings 2`] = `"cspell-json-reporter settings must be an object"`;

exports[`validateSettings throws for invalid settings 3`] = `"cspell-json-reporter settings.outFile must be a string"`;

exports[`validateSettings throws for invalid settings 4`] = `"cspell-json-reporter settings.outFile must be a string"`;

exports[`validateSettings throws for invalid settings 5`] = `"cspell-json-reporter settings.verbose must be a boolean"`;

exports[`validateSettings throws for invalid settings 6`] = `"cspell-json-reporter settings.debug must be a boolean"`;
